
> web@1.0.0 build
> NODE_OPTIONS='--no-deprecation' NODE_ENV=production next build --webpack

▲ Next.js 16.1.7 (webpack)
- Environments: .env
- Experiments (use with caution):
  · serverActions

  Creating an optimized production build ...
 ✓ (pwa) Compiling for server...
 ✓ (pwa) Compiling for server...
 ✓ (pwa) Compiling for client (static)...
 ○ (pwa) Service worker: /Users/rohadimraja/Documents/radpro/netmanager/public/sw.js
 ○ (pwa)   URL: /sw.js
 ○ (pwa)   Scope: /
 ✓ (pwa) Found a custom worker implementation at /Users/rohadimraja/Documents/radpro/netmanager/worker/index.ts.
 ✓ (pwa) Building the custom worker to /Users/rohadimraja/Documents/radpro/netmanager/public/worker-7971cdcd0d07df1d.js...
 ○ (pwa) Custom runtimeCaching array found, using it instead of the default one.
✓ Compiled successfully in 37.1s
  Running TypeScript ...
Failed to compile.

./modules/finance/repositories/PemasukanRepository.ts:84:23
Type error: Conversion of type 'PemasukanCreateData' to type 'Record<string, unknown>' may be a mistake because neither type sufficiently overlaps with the other. If this was intentional, convert the expression to 'unknown' first.
  Index signature for type 'string' is missing in type 'PemasukanCreateData'.

[0m [90m 82 |[39m     
 [90m 83 |[39m     [36mconst[39m context [33m=[39m [36mawait[39m getTenantIdFromContext()[33m;[39m
[31m[1m>[22m[39m[90m 84 |[39m     [36mconst[39m tenantId [33m=[39m (data [36mas[39m [33mRecord[39m[33m<[39m[33mstring[39m[33m,[39m unknown[33m>[39m)[33m.[39mtenantId [33m||[39m context[33m.[39mtenantId[33m;[39m
 [90m    |[39m                       [31m[1m^[22m[39m
 [90m 85 |[39m
 [90m 86 |[39m     [36mconst[39m jumlahBigInt [33m=[39m [36mtypeof[39m data[33m.[39mjumlah [33m===[39m [32m'bigint'[39m [33m?[39m data[33m.[39mjumlah [33m:[39m [33mBigInt[39m(data[33m.[39mjumlah [36mas[39m string [33m|[39m number)[33m;[39m
 [90m 87 |[39m[0m
Next.js build worker exited with code: 1 and signal: null
